
> smart-traffic-frontend@1.0.0 build
> tsc && vite build

src/App.tsx(12,13): error TS6133: 'BarChart2' is declared but its value is never read.
src/App.tsx(12,24): error TS6133: 'CloudRain' is declared but its value is never read.
src/App.tsx(12,50): error TS6133: 'HelpCircle' is declared but its value is never read.
src/App.tsx(13,11): error TS6133: 'HomeIcon' is declared but its value is never read.
src/App.tsx(13,51): error TS6133: 'Mail' is declared but its value is never read.
src/App.tsx(14,52): error TS6133: 'Menu' is declared but its value is never read.
src/App.tsx(14,58): error TS6133: 'X' is declared but its value is never read.
src/components/About.tsx(4,18): error TS6133: 'Globe' is declared but its value is never read.
src/components/About.tsx(5,9): error TS6133: 'Layers' is declared but its value is never read.
src/components/AdminPanel.tsx(5,18): error TS6133: 'Edit' is declared but its value is never read.
src/components/AdminPanel.tsx(6,3): error TS6133: 'CheckCircle' is declared but its value is never read.
src/components/AdminPanel.tsx(6,16): error TS6133: 'XCircle' is declared but its value is never read.
src/components/AdminPanel.tsx(6,37): error TS6133: 'Calendar' is declared but its value is never read.
src/components/AdminPanel.tsx(6,47): error TS6133: 'Eye' is declared but its value is never read.
src/components/AdminPanel.tsx(6,52): error TS6133: 'Download' is declared but its value is never read.
src/components/AdminPanel.tsx(63,10): error TS6133: 'selectedUser' is declared but its value is never read.
src/components/AdminPanel.tsx(63,24): error TS6133: 'setSelectedUser' is declared but its value is never read.
src/components/NotificationBell.tsx(1,8): error TS6133: 'React' is declared but its value is never read.
src/pages/Pages.tsx(2,29): error TS6133: 'useLocation' is declared but its value is never read.
src/pages/Pages.tsx(5,3): error TS6133: 'LineChart' is declared but its value is never read.
src/pages/Pages.tsx(5,14): error TS6133: 'Line' is declared but its value is never read.
src/pages/Pages.tsx(10,13): error TS6133: 'BarChart2' is declared but its value is never read.
src/pages/Pages.tsx(10,50): error TS6133: 'HelpCircle' is declared but its value is never read.
src/pages/Pages.tsx(11,11): error TS6133: 'HomeIcon' is declared but its value is never read.
src/pages/Pages.tsx(11,31): error TS6133: 'LayoutIcon' is declared but its value is never read.
src/pages/Pages.tsx(11,43): error TS6133: 'LogOut' is declared but its value is never read.
src/pages/Pages.tsx(11,51): error TS6133: 'Mail' is declared but its value is never read.
src/pages/Pages.tsx(12,15): error TS6133: 'Shield' is declared but its value is never read.
src/pages/Pages.tsx(12,23): error TS6133: 'Settings' is declared but its value is never read.
src/pages/Pages.tsx(13,3): error TS6133: 'ChevronRight' is declared but its value is never read.
