src/App.tsx(62,6): error TS17008: JSX element 'div' has no corresponding closing tag.
src/App.tsx(108,1): error TS1381: Unexpected token. Did you mean `{'}'}` or `&rbrace;`?
src/App.tsx(111,1): error TS1005: '</' expected.
src/components/About.tsx(21,10): error TS17008: JSX element 'div' has no corresponding closing tag.
src/components/About/AboutFooter.tsx(4,8): error TS17008: JSX element 'div' has no corresponding closing tag.
src/components/About/AboutHero.tsx(3,6): error TS17008: JSX element 'section' has no corresponding closing tag.
src/components/About/AboutHero.tsx(4,8): error TS17008: JSX element 'div' has no corresponding closing tag.
src/components/About/AboutHero.tsx(20,8): error TS17008: JSX element 'div' has no corresponding closing tag.
src/components/About/AboutHero.tsx(34,7): error TS17002: Expected corresponding JSX closing tag for 'div'.
src/components/About/AboutHero.tsx(36,1): error TS1381: Unexpected token. Did you mean `{'}'}` or `&rbrace;`?
src/components/About/AboutHero.tsx(39,1): error TS1005: '</' expected.
src/components/About/MissionStats.tsx(3,6): error TS17008: JSX element 'section' has no corresponding closing tag.
src/components/About/MissionStats.tsx(4,8): error TS17008: JSX element 'div' has no corresponding closing tag.
src/components/About/MissionStats.tsx(8,10): error TS17008: JSX element 'div' has no corresponding closing tag.
src/components/About/MissionStats.tsx(33,7): error TS17002: Expected corresponding JSX closing tag for 'div'.
src/components/About/MissionStats.tsx(35,1): error TS1381: Unexpected token. Did you mean `{'}'}` or `&rbrace;`?
src/components/About/MissionStats.tsx(38,1): error TS1005: '</' expected.
src/components/About/VisionaryTeam.tsx(3,6): error TS17008: JSX element 'div' has no corresponding closing tag.
src/components/About/VisionaryTeam.tsx(17,1): error TS1381: Unexpected token. Did you mean `{'}'}` or `&rbrace;`?
src/components/About/VisionaryTeam.tsx(19,27): error TS1382: Unexpected token. Did you mean `{'>'}` or `&gt;`?
src/components/About/VisionaryTeam.tsx(20,3): error TS1109: Expression expected.
src/components/About/VisionaryTeam.tsx(22,11): error TS1005: '}' expected.
src/components/About/VisionaryTeam.tsx(26,5): error TS1381: Unexpected token. Did you mean `{'}'}` or `&rbrace;`?
src/components/About/VisionaryTeam.tsx(28,11): error TS1005: '}' expected.
src/components/About/VisionaryTeam.tsx(32,5): error TS1381: Unexpected token. Did you mean `{'}'}` or `&rbrace;`?
src/components/About/VisionaryTeam.tsx(34,11): error TS1005: '}' expected.
src/components/About/VisionaryTeam.tsx(38,5): error TS1381: Unexpected token. Did you mean `{'}'}` or `&rbrace;`?
src/components/About/VisionaryTeam.tsx(40,11): error TS1005: '}' expected.
src/components/About/VisionaryTeam.tsx(44,5): error TS1381: Unexpected token. Did you mean `{'}'}` or `&rbrace;`?
src/components/About/VisionaryTeam.tsx(61,1): error TS1381: Unexpected token. Did you mean `{'}'}` or `&rbrace;`?
src/components/About/VisionaryTeam.tsx(64,1): error TS1005: '</' expected.
src/components/Admin/AccessProtocols.tsx(3,6): error TS17008: JSX element 'div' has no corresponding closing tag.
src/components/Admin/AccessProtocols.tsx(21,1): error TS1381: Unexpected token. Did you mean `{'}'}` or `&rbrace;`?
src/components/Admin/AccessProtocols.tsx(24,1): error TS1005: '</' expected.
src/components/Admin/AdminQuickStats.tsx(20,6): error TS17008: JSX element 'div' has no corresponding closing tag.
src/components/Admin/AdminQuickStats.tsx(21,8): error TS17008: JSX element 'div' has no corresponding closing tag.
src/components/Admin/AdminQuickStats.tsx(27,8): error TS17008: JSX element 'div' has no corresponding closing tag.
src/components/Admin/AdminQuickStats.tsx(34,1): error TS1381: Unexpected token. Did you mean `{'}'}` or `&rbrace;`?
src/components/Admin/AdminQuickStats.tsx(37,1): error TS1005: '</' expected.
src/components/Admin/BroadcastConsole.tsx(45,6): error TS17008: JSX element 'div' has no corresponding closing tag.
src/components/Admin/BroadcastConsole.tsx(49,8): error TS17008: JSX element 'div' has no corresponding closing tag.
src/components/Admin/BroadcastConsole.tsx(58,8): error TS17008: JSX element 'div' has no corresponding closing tag.
src/components/Admin/BroadcastConsole.tsx(128,1): error TS1381: Unexpected token. Did you mean `{'}'}` or `&rbrace;`?
src/components/Admin/BroadcastConsole.tsx(131,1): error TS1005: '</' expected.
src/components/Admin/DataIngestion.tsx(48,6): error TS17008: JSX element 'div' has no corresponding closing tag.
src/components/Admin/DataIngestion.tsx(121,1): error TS1381: Unexpected token. Did you mean `{'}'}` or `&rbrace;`?
src/components/Admin/DataIngestion.tsx(124,1): error TS1005: '</' expected.
src/components/Admin/PersonnelManagement.tsx(189,6): error TS17008: JSX element 'div' has no corresponding closing tag.
src/components/Admin/PersonnelManagement.tsx(259,1): error TS1381: Unexpected token. Did you mean `{'}'}` or `&rbrace;`?
src/components/Admin/PersonnelManagement.tsx(262,1): error TS1005: '</' expected.
src/components/Admin/SystemLogs.tsx(9,6): error TS17008: JSX element 'div' has no corresponding closing tag.
src/components/Admin/SystemLogs.tsx(18,1): error TS1381: Unexpected token. Did you mean `{'}'}` or `&rbrace;`?
src/components/Admin/SystemLogs.tsx(20,24): error TS1382: Unexpected token. Did you mean `{'>'}` or `&gt;`?
src/components/Admin/SystemLogs.tsx(21,3): error TS1109: Expression expected.
src/components/Admin/SystemLogs.tsx(21,39): error TS1003: Identifier expected.
src/components/Admin/SystemLogs.tsx(21,41): error TS1382: Unexpected token. Did you mean `{'>'}` or `&gt;`?
src/components/Admin/SystemLogs.tsx(22,45): error TS1003: Identifier expected.
src/components/Admin/SystemLogs.tsx(22,51): error TS1382: Unexpected token. Did you mean `{'>'}` or `&gt;`?
src/components/Admin/SystemLogs.tsx(26,43): error TS1382: Unexpected token. Did you mean `{'>'}` or `&gt;`?
src/components/Admin/SystemLogs.tsx(27,24): error TS1005: '}' expected.
src/components/Admin/SystemLogs.tsx(29,7): error TS1109: Expression expected.
src/components/Admin/SystemLogs.tsx(30,47): error TS1382: Unexpected token. Did you mean `{'>'}` or `&gt;`?
src/components/Admin/SystemLogs.tsx(31,13): error TS1005: '}' expected.
src/components/Admin/SystemLogs.tsx(34,7): error TS1381: Unexpected token. Did you mean `{'}'}` or `&rbrace;`?
src/components/Admin/SystemLogs.tsx(37,5): error TS1381: Unexpected token. Did you mean `{'}'}` or `&rbrace;`?
src/components/Admin/SystemLogs.tsx(38,46): error TS1005: '}' expected.
src/components/Admin/SystemLogs.tsx(39,5): error TS1381: Unexpected token. Did you mean `{'}'}` or `&rbrace;`?
src/components/Admin/SystemLogs.tsx(40,27): error TS1005: '}' expected.
src/components/Admin/SystemLogs.tsx(41,5): error TS1381: Unexpected token. Did you mean `{'}'}` or `&rbrace;`?
src/components/Admin/SystemLogs.tsx(42,3): error TS1381: Unexpected token. Did you mean `{'}'}` or `&rbrace;`?
src/components/Admin/SystemLogs.tsx(44,17): error TS1382: Unexpected token. Did you mean `{'>'}` or `&gt;`?
src/components/Admin/SystemLogs.tsx(45,16): error TS1005: '}' expected.
src/components/Admin/SystemLogs.tsx(46,3): error TS1381: Unexpected token. Did you mean `{'}'}` or `&rbrace;`?
src/components/Admin/SystemLogs.tsx(48,17): error TS1382: Unexpected token. Did you mean `{'>'}` or `&gt;`?
src/components/Admin/SystemLogs.tsx(49,9): error TS1005: '}' expected.
src/components/Admin/SystemLogs.tsx(55,16): error TS1005: '}' expected.
src/components/Admin/SystemLogs.tsx(56,5): error TS1381: Unexpected token. Did you mean `{'}'}` or `&rbrace;`?
src/components/Admin/SystemLogs.tsx(57,16): error TS1382: Unexpected token. Did you mean `{'>'}` or `&gt;`?
src/components/Admin/SystemLogs.tsx(58,3): error TS1381: Unexpected token. Did you mean `{'}'}` or `&rbrace;`?
src/components/Admin/SystemLogs.tsx(61,6): error TS17008: JSX element 'div' has no corresponding closing tag.
src/components/Admin/SystemLogs.tsx(62,8): error TS17008: JSX element 'div' has no corresponding closing tag.
src/components/Admin/SystemLogs.tsx(63,10): error TS17008: JSX element 'div' has no corresponding closing tag.
src/components/Admin/SystemLogs.tsx(104,1): error TS1381: Unexpected token. Did you mean `{'}'}` or `&rbrace;`?
src/components/Admin/SystemLogs.tsx(107,1): error TS1005: '</' expected.
src/components/AdminPanel.tsx(19,8): error TS17008: JSX element 'div' has no corresponding closing tag.
src/components/Help/ExpertDirectory.tsx(9,6): error TS17008: JSX element 'div' has no corresponding closing tag.
src/components/Help/ExpertDirectory.tsx(18,8): error TS17008: JSX element 'div' has no corresponding closing tag.
src/components/Help/ExpertDirectory.tsx(34,1): error TS1381: Unexpected token. Did you mean `{'}'}` or `&rbrace;`?
src/components/Help/ExpertDirectory.tsx(37,1): error TS1005: '</' expected.
src/components/Help/FAQAccordion.tsx(70,6): error TS17008: JSX element 'div' has no corresponding closing tag.
src/components/Help/FAQAccordion.tsx(85,1): error TS1381: Unexpected token. Did you mean `{'}'}` or `&rbrace;`?
src/components/Help/FAQAccordion.tsx(88,1): error TS1005: '</' expected.
src/components/Help/HelpHero.tsx(20,8): error TS17008: JSX element 'div' has no corresponding closing tag.
src/components/Help/OnboardingGuide.tsx(9,6): error TS17008: JSX element 'div' has no corresponding closing tag.
src/components/Help/OnboardingGuide.tsx(19,11): error TS2657: JSX expressions must have one parent element.
src/components/Help/OnboardingGuide.tsx(27,11): error TS1381: Unexpected token. Did you mean `{'}'}` or `&rbrace;`?
src/components/Help/OnboardingGuide.tsx(34,5): error TS1005: ')' expected.
src/components/Help/OnboardingGuide.tsx(36,1): error TS1381: Unexpected token. Did you mean `{'}'}` or `&rbrace;`?
src/components/Help/OnboardingGuide.tsx(39,1): error TS1005: '</' expected.
src/components/Navigation/Sidebar.tsx(28,8): error TS17008: JSX element 'div' has no corresponding closing tag.
src/components/Navigation/Topbar.tsx(112,6): error TS17008: JSX element 'header' has no corresponding closing tag.
src/components/Navigation/Topbar.tsx(113,8): error TS17008: JSX element 'div' has no corresponding closing tag.
src/components/Navigation/Topbar.tsx(163,8): error TS17008: JSX element 'div' has no corresponding closing tag.
src/components/Navigation/Topbar.tsx(164,10): error TS17008: JSX element 'div' has no corresponding closing tag.
src/components/Navigation/Topbar.tsx(177,12): error TS17008: JSX element 'AnimatePresence' has no corresponding closing tag.
src/components/Navigation/Topbar.tsx(179,16): error TS17008: JSX element 'motion.div' has no corresponding closing tag.
src/components/Navigation/Topbar.tsx(232,20): error TS1381: Unexpected token. Did you mean `{'}'}` or `&rbrace;`?
src/components/Navigation/Topbar.tsx(245,17): error TS17002: Expected corresponding JSX closing tag for 'div'.
src/components/Navigation/Topbar.tsx(246,14): error TS1381: Unexpected token. Did you mean `{'}'}` or `&rbrace;`?
src/components/Navigation/Topbar.tsx(247,13): error TS17002: Expected corresponding JSX closing tag for 'div'.
src/components/Navigation/Topbar.tsx(248,9): error TS1005: ')' expected.
src/components/Navigation/Topbar.tsx(279,18): error TS17008: JSX element 'div' has no corresponding closing tag.
src/components/Navigation/Topbar.tsx(333,7): error TS17002: Expected corresponding JSX closing tag for 'div'.
src/components/Navigation/Topbar.tsx(335,1): error TS1381: Unexpected token. Did you mean `{'}'}` or `&rbrace;`?
src/components/Navigation/Topbar.tsx(338,1): error TS1005: '</' expected.
src/components/Nexus/CorrelationChart.tsx(23,6): error TS17008: JSX element 'div' has no corresponding closing tag.
src/components/Nexus/CorrelationChart.tsx(24,8): error TS17008: JSX element 'div' has no corresponding closing tag.
src/components/Nexus/CorrelationChart.tsx(33,10): error TS17008: JSX element 'div' has no corresponding closing tag.
src/components/Nexus/CorrelationChart.tsx(98,1): error TS1381: Unexpected token. Did you mean `{'}'}` or `&rbrace;`?
src/components/Nexus/CorrelationChart.tsx(101,1): error TS1005: '</' expected.
src/components/Nexus/HotspotPanel.tsx(16,6): error TS17008: JSX element 'div' has no corresponding closing tag.
src/components/Nexus/HotspotPanel.tsx(18,8): error TS17008: JSX element 'motion.div' has no corresponding closing tag.
src/components/Nexus/HotspotPanel.tsx(37,9): error TS17002: Expected corresponding JSX closing tag for 'div'.
src/components/Nexus/HotspotPanel.tsx(57,16): error TS17008: JSX element 'div' has no corresponding closing tag.
src/components/Nexus/HotspotPanel.tsx(87,1): error TS1381: Unexpected token. Did you mean `{'}'}` or `&rbrace;`?
src/components/Nexus/HotspotPanel.tsx(90,1): error TS1005: '</' expected.
src/components/Nexus/NexusFooter.tsx(5,6): error TS17008: JSX element 'motion.div' has no corresponding closing tag.
src/components/Nexus/NexusFooter.tsx(10,8): error TS17008: JSX element 'div' has no corresponding closing tag.
src/components/Nexus/NexusFooter.tsx(22,8): error TS17008: JSX element 'div' has no corresponding closing tag.
src/components/Nexus/NexusFooter.tsx(34,8): error TS17008: JSX element 'div' has no corresponding closing tag.
src/components/Nexus/NexusFooter.tsx(54,7): error TS17002: Expected corresponding JSX closing tag for 'div'.
src/components/Nexus/NexusFooter.tsx(56,1): error TS1381: Unexpected token. Did you mean `{'}'}` or `&rbrace;`?
src/components/Nexus/NexusFooter.tsx(59,1): error TS1005: '</' expected.
src/components/Nexus/PollutionHero.tsx(26,6): error TS17008: JSX element 'motion.div' has no corresponding closing tag.
src/components/Nexus/PollutionHero.tsx(38,8): error TS17008: JSX element 'div' has no corresponding closing tag.
src/components/Nexus/PollutionHero.tsx(66,7): error TS17002: Expected corresponding JSX closing tag for 'div'.
src/components/Nexus/PollutionHero.tsx(68,1): error TS1381: Unexpected token. Did you mean `{'}'}` or `&rbrace;`?
src/components/Nexus/PollutionHero.tsx(70,43): error TS1382: Unexpected token. Did you mean `{'>'}` or `&gt;`?
src/components/Nexus/PollutionHero.tsx(71,3): error TS1109: Expression expected.
src/components/Nexus/PollutionHero.tsx(99,1): error TS1381: Unexpected token. Did you mean `{'}'}` or `&rbrace;`?
src/components/Nexus/PollutionHero.tsx(102,1): error TS1005: '</' expected.
src/components/Predictions/ImpactDrivers.tsx(41,6): error TS17008: JSX element 'div' has no corresponding closing tag.
src/components/Predictions/ImpactDrivers.tsx(47,8): error TS17008: JSX element 'ul' has no corresponding closing tag.
src/components/Predictions/ImpactDrivers.tsx(63,13): error TS17002: Expected corresponding JSX closing tag for 'div'.
src/components/Predictions/ImpactDrivers.tsx(64,11): error TS1381: Unexpected token. Did you mean `{'}'}` or `&rbrace;`?
src/components/Predictions/ImpactDrivers.tsx(65,9): error TS17002: Expected corresponding JSX closing tag for 'div'.
src/components/Predictions/ImpactDrivers.tsx(66,7): error TS17002: Expected corresponding JSX closing tag for 'li'.
src/components/Predictions/ImpactDrivers.tsx(67,4): error TS1005: ')' expected.
src/components/Predictions/ImpactDrivers.tsx(68,1): error TS1381: Unexpected token. Did you mean `{'}'}` or `&rbrace;`?
src/components/Predictions/ImpactDrivers.tsx(71,1): error TS1005: '</' expected.
src/components/Predictions/PredictionResultCard.tsx(8,6): error TS17008: JSX element 'div' has no corresponding closing tag.
src/components/Predictions/PredictionResultCard.tsx(9,8): error TS17008: JSX element 'div' has no corresponding closing tag.
src/components/Predictions/PredictionResultCard.tsx(11,10): error TS17008: JSX element 'div' has no corresponding closing tag.
src/components/Predictions/PredictionResultCard.tsx(44,10): error TS17008: JSX element 'div' has no corresponding closing tag.
src/components/Predictions/PredictionResultCard.tsx(53,12): error TS17008: JSX element 'div' has no corresponding closing tag.
src/components/Predictions/PredictionResultCard.tsx(54,14): error TS17008: JSX element 'div' has no corresponding closing tag.
src/components/Predictions/PredictionResultCard.tsx(60,14): error TS17008: JSX element 'div' has no corresponding closing tag.
src/components/Predictions/PredictionResultCard.tsx(68,8): error TS17008: JSX element 'div' has no corresponding closing tag.
src/components/Predictions/PredictionResultCard.tsx(69,10): error TS17008: JSX element 'div' has no corresponding closing tag.
src/components/Predictions/PredictionResultCard.tsx(80,1): error TS1381: Unexpected token. Did you mean `{'}'}` or `&rbrace;`?
src/components/Predictions/PredictionResultCard.tsx(83,1): error TS1005: '</' expected.
src/components/Predictions/ScenarioParameters.tsx(28,6): error TS17008: JSX element 'section' has no corresponding closing tag.
src/components/Predictions/ScenarioParameters.tsx(34,8): error TS17008: JSX element 'form' has no corresponding closing tag.
src/components/Predictions/ScenarioParameters.tsx(107,9): error TS17002: Expected corresponding JSX closing tag for 'div'.
src/components/Predictions/ScenarioParameters.tsx(108,7): error TS17002: Expected corresponding JSX closing tag for 'div'.
src/components/Predictions/ScenarioParameters.tsx(110,1): error TS1381: Unexpected token. Did you mean `{'}'}` or `&rbrace;`?
src/components/Predictions/ScenarioParameters.tsx(113,1): error TS1005: '</' expected.
src/components/Reports/ReportGeneratorDrawer.tsx(74,14): error TS17008: JSX element 'div' has no corresponding closing tag.
src/components/Reports/ReportsArchive.tsx(55,10): error TS17008: JSX element 'div' has no corresponding closing tag.
src/components/Reports/ReportsArchive.tsx(135,6): error TS17008: JSX element 'section' has no corresponding closing tag.
src/components/Reports/ReportsArchive.tsx(136,8): error TS17008: JSX element 'div' has no corresponding closing tag.
src/components/Reports/ReportsArchive.tsx(137,10): error TS17008: JSX element 'div' has no corresponding closing tag.
src/components/Reports/ReportsArchive.tsx(216,7): error TS17002: Expected corresponding JSX closing tag for 'div'.
src/components/Reports/ReportsArchive.tsx(218,1): error TS1381: Unexpected token. Did you mean `{'}'}` or `&rbrace;`?
src/components/Reports/ReportsArchive.tsx(221,1): error TS1005: '</' expected.
src/components/Reports/ReportsHero.tsx(3,6): error TS17008: JSX element 'div' has no corresponding closing tag.
src/components/Reports/ReportsHero.tsx(28,1): error TS1381: Unexpected token. Did you mean `{'}'}` or `&rbrace;`?
src/components/Reports/ReportsHero.tsx(31,1): error TS1005: '</' expected.
src/components/Reports/ReportsStats.tsx(3,6): error TS17008: JSX element 'div' has no corresponding closing tag.
src/components/Reports/ReportsStats.tsx(5,8): error TS17008: JSX element 'div' has no corresponding closing tag.
src/components/Reports/ReportsStats.tsx(6,10): error TS17008: JSX element 'div' has no corresponding closing tag.
src/components/Reports/ReportsStats.tsx(18,8): error TS17008: JSX element 'div' has no corresponding closing tag.
src/components/Reports/ReportsStats.tsx(19,10): error TS17008: JSX element 'div' has no corresponding closing tag.
src/components/Reports/ReportsStats.tsx(31,8): error TS17008: JSX element 'div' has no corresponding closing tag.
src/components/Reports/ReportsStats.tsx(32,10): error TS17008: JSX element 'div' has no corresponding closing tag.
src/components/Reports/ReportsStats.tsx(40,12): error TS17008: JSX element 'div' has no corresponding closing tag.
src/components/Reports/ReportsStats.tsx(57,1): error TS1381: Unexpected token. Did you mean `{'}'}` or `&rbrace;`?
src/components/Reports/ReportsStats.tsx(60,1): error TS1005: '</' expected.
src/components/Settings/NotificationPreferences.tsx(29,6): error TS17008: JSX element 'section' has no corresponding closing tag.
src/components/Settings/NotificationPreferences.tsx(32,8): error TS17008: JSX element 'div' has no corresponding closing tag.
src/components/Settings/NotificationPreferences.tsx(58,11): error TS1381: Unexpected token. Did you mean `{'}'}` or `&rbrace;`?
src/components/Settings/NotificationPreferences.tsx(60,5): error TS1005: ')' expected.
src/components/Settings/NotificationPreferences.tsx(60,7): error TS17002: Expected corresponding JSX closing tag for 'div'.
src/components/Settings/NotificationPreferences.tsx(62,1): error TS1381: Unexpected token. Did you mean `{'}'}` or `&rbrace;`?
src/components/Settings/NotificationPreferences.tsx(65,1): error TS1005: '</' expected.
src/components/Settings/ProfileSettings.tsx(104,6): error TS17008: JSX element 'section' has no corresponding closing tag.
src/components/Settings/ProfileSettings.tsx(127,8): error TS17008: JSX element 'div' has no corresponding closing tag.
src/components/Settings/ProfileSettings.tsx(159,7): error TS17002: Expected corresponding JSX closing tag for 'div'.
src/components/Settings/ProfileSettings.tsx(161,1): error TS1381: Unexpected token. Did you mean `{'}'}` or `&rbrace;`?
src/components/Settings/ProfileSettings.tsx(164,1): error TS1005: '</' expected.
src/components/Settings/SecuritySettings.tsx(30,6): error TS17008: JSX element 'section' has no corresponding closing tag.
src/components/Settings/SecuritySettings.tsx(33,8): error TS17008: JSX element 'div' has no corresponding closing tag.
src/components/Settings/SecuritySettings.tsx(88,7): error TS17002: Expected corresponding JSX closing tag for 'div'.
src/components/Settings/SecuritySettings.tsx(90,1): error TS1381: Unexpected token. Did you mean `{'}'}` or `&rbrace;`?
src/components/Settings/SecuritySettings.tsx(93,1): error TS1005: '</' expected.
src/components/Settings/SettingsFooter.tsx(3,6): error TS17008: JSX element 'div' has no corresponding closing tag.
src/components/Settings/SettingsFooter.tsx(31,1): error TS1381: Unexpected token. Did you mean `{'}'}` or `&rbrace;`?
src/components/Settings/SettingsFooter.tsx(34,1): error TS1005: '</' expected.
src/components/Settings/ThemeToggle.tsx(8,6): error TS17008: JSX element 'section' has no corresponding closing tag.
src/components/Settings/ThemeToggle.tsx(34,8): error TS17008: JSX element 'div' has no corresponding closing tag.
src/components/Settings/ThemeToggle.tsx(35,10): error TS17008: JSX element 'div' has no corresponding closing tag.
src/components/Settings/ThemeToggle.tsx(41,12): error TS17008: JSX element 'div' has no corresponding closing tag.
src/components/Settings/ThemeToggle.tsx(54,10): error TS17008: JSX element 'div' has no corresponding closing tag.
src/components/Settings/ThemeToggle.tsx(72,7): error TS17002: Expected corresponding JSX closing tag for 'div'.
src/components/Settings/ThemeToggle.tsx(74,1): error TS1381: Unexpected token. Did you mean `{'}'}` or `&rbrace;`?
src/components/Settings/ThemeToggle.tsx(77,1): error TS1005: '</' expected.
src/components/Signals/SignalFlowScale.tsx(3,6): error TS17008: JSX element 'div' has no corresponding closing tag.
src/components/Signals/SignalFlowScale.tsx(21,1): error TS1381: Unexpected token. Did you mean `{'}'}` or `&rbrace;`?
src/components/Signals/SignalFlowScale.tsx(24,1): error TS1005: '</' expected.
src/components/Signals/SignalInsights.tsx(20,6): error TS17008: JSX element 'div' has no corresponding closing tag.
src/components/Signals/SignalMap.tsx(140,18): error TS17008: JSX element 'div' has no corresponding closing tag.
src/components/Signals/SignalSuggestions.tsx(24,6): error TS17008: JSX element 'motion.div' has no corresponding closing tag.
src/components/Signals/SignalSuggestions.tsx(32,8): error TS17008: JSX element 'div' has no corresponding closing tag.
src/components/Signals/SignalSuggestions.tsx(101,7): error TS17002: Expected corresponding JSX closing tag for 'div'.
src/components/Signals/SignalSuggestions.tsx(103,1): error TS1381: Unexpected token. Did you mean `{'}'}` or `&rbrace;`?
src/components/Signals/SignalSuggestions.tsx(105,35): error TS17008: JSX element 'SignalSuggestionsProps' has no corresponding closing tag.
src/components/Signals/SignalSuggestions.tsx(105,91): error TS1382: Unexpected token. Did you mean `{'>'}` or `&gt;`?
src/components/Signals/SignalSuggestions.tsx(106,3): error TS1109: Expression expected.
src/components/Signals/SignalSuggestions.tsx(107,6): error TS17008: JSX element 'div' has no corresponding closing tag.
src/components/Signals/SignalSuggestions.tsx(110,8): error TS17008: JSX element 'div' has no corresponding closing tag.
src/components/Signals/SignalSuggestions.tsx(132,16): error TS17008: JSX element 'div' has no corresponding closing tag.
src/components/Signals/SignalSuggestions.tsx(170,1): error TS1381: Unexpected token. Did you mean `{'}'}` or `&rbrace;`?
src/components/Signals/SignalSuggestions.tsx(174,1): error TS1005: '</' expected.
src/components/Traffic/CongestionMetrics.tsx(22,6): error TS17008: JSX element 'div' has no corresponding closing tag.
src/components/Traffic/CongestionMetrics.tsx(23,8): error TS17008: JSX element 'div' has no corresponding closing tag.
src/components/Traffic/CongestionMetrics.tsx(28,10): error TS17008: JSX element 'div' has no corresponding closing tag.
src/components/Traffic/CongestionMetrics.tsx(102,1): error TS1381: Unexpected token. Did you mean `{'}'}` or `&rbrace;`?
src/components/Traffic/CongestionMetrics.tsx(105,1): error TS1005: '</' expected.
src/components/Traffic/DistrictHeatmap.tsx(21,6): error TS17008: JSX element 'div' has no corresponding closing tag.
src/components/Traffic/DistrictHeatmap.tsx(56,8): error TS17008: JSX element 'div' has no corresponding closing tag.
src/components/Traffic/DistrictHeatmap.tsx(66,1): error TS1381: Unexpected token. Did you mean `{'}'}` or `&rbrace;`?
src/components/Traffic/DistrictHeatmap.tsx(69,1): error TS1005: '</' expected.
src/components/Traffic/DynamicGridMap.tsx(28,6): error TS17008: JSX element 'div' has no corresponding closing tag.
src/components/Traffic/DynamicGridMap.tsx(132,1): error TS1381: Unexpected token. Did you mean `{'}'}` or `&rbrace;`?
src/components/Traffic/DynamicGridMap.tsx(135,1): error TS1005: '</' expected.
src/components/Traffic/HotspotTable.tsx(65,6): error TS17008: JSX element 'div' has no corresponding closing tag.
src/components/Traffic/HotspotTable.tsx(96,20): error TS17008: JSX element 'div' has no corresponding closing tag.
src/components/Traffic/HotspotTable.tsx(130,1): error TS1381: Unexpected token. Did you mean `{'}'}` or `&rbrace;`?
src/components/Traffic/HotspotTable.tsx(133,1): error TS1005: '</' expected.
src/components/Traffic/TrafficHero.tsx(25,6): error TS17008: JSX element 'div' has no corresponding closing tag.
src/components/Traffic/TrafficHero.tsx(77,8): error TS17008: JSX element 'AnimatePresence' has no corresponding closing tag.
src/components/Traffic/TrafficHero.tsx(146,15): error TS17002: Expected corresponding JSX closing tag for 'div'.
src/components/Traffic/TrafficHero.tsx(148,10): error TS1381: Unexpected token. Did you mean `{'}'}` or `&rbrace;`?
src/components/Traffic/TrafficHero.tsx(149,9): error TS17002: Expected corresponding JSX closing tag for 'motion.div'.
src/components/Traffic/TrafficHero.tsx(151,4): error TS1005: '}' expected.
src/components/Traffic/TrafficHero.tsx(152,1): error TS1381: Unexpected token. Did you mean `{'}'}` or `&rbrace;`?
src/components/Traffic/TrafficHero.tsx(155,1): error TS1005: '</' expected.
src/modules/analytics/GoldenWindow.tsx(44,6): error TS17008: JSX element 'GlassCard' has no corresponding closing tag.
src/modules/analytics/GoldenWindow.tsx(47,8): error TS17008: JSX element 'div' has no corresponding closing tag.
src/modules/analytics/GoldenWindow.tsx(57,10): error TS17008: JSX element 'div' has no corresponding closing tag.
src/modules/analytics/GoldenWindow.tsx(78,8): error TS1381: Unexpected token. Did you mean `{'}'}` or `&rbrace;`?
src/modules/analytics/GoldenWindow.tsx(79,7): error TS17002: Expected corresponding JSX closing tag for 'div'.
src/modules/analytics/GoldenWindow.tsx(81,1): error TS1381: Unexpected token. Did you mean `{'}'}` or `&rbrace;`?
src/modules/analytics/GoldenWindow.tsx(84,1): error TS1005: '</' expected.
src/modules/analytics/IntelligencePanel.tsx(85,6): error TS17008: JSX element 'div' has no corresponding closing tag.
src/modules/analytics/IntelligencePanel.tsx(87,8): error TS17008: JSX element 'GlassCard' has no corresponding closing tag.
src/modules/analytics/IntelligencePanel.tsx(88,10): error TS17008: JSX element 'div' has no corresponding closing tag.
src/modules/analytics/IntelligencePanel.tsx(98,10): error TS17008: JSX element 'div' has no corresponding closing tag.
src/modules/analytics/IntelligencePanel.tsx(136,9): error TS17002: Expected corresponding JSX closing tag for 'div'.
src/modules/analytics/IntelligencePanel.tsx(186,8): error TS17008: JSX element 'GlassCard' has no corresponding closing tag.
src/modules/analytics/IntelligencePanel.tsx(188,10): error TS17008: JSX element 'div' has no corresponding closing tag.
src/modules/analytics/IntelligencePanel.tsx(214,9): error TS17002: Expected corresponding JSX closing tag for 'div'.
src/modules/analytics/IntelligencePanel.tsx(217,1): error TS1381: Unexpected token. Did you mean `{'}'}` or `&rbrace;`?
src/modules/analytics/IntelligencePanel.tsx(220,1): error TS1005: '</' expected.
src/modules/analytics/VehicleStats.tsx(13,10): error TS17008: JSX element 'div' has no corresponding closing tag.
src/modules/analytics/VehicleStats.tsx(15,14): error TS17008: JSX element 'div' has no corresponding closing tag.
src/modules/analytics/VehicleStats.tsx(17,22): error TS17008: JSX element 'motion.div' has no corresponding closing tag.
src/modules/analytics/VehicleStats.tsx(38,23): error TS17002: Expected corresponding JSX closing tag for 'div'.
src/modules/analytics/VehicleStats.tsx(39,19): error TS1381: Unexpected token. Did you mean `{'}'}` or `&rbrace;`?
src/modules/analytics/VehicleStats.tsx(42,1): error TS1381: Unexpected token. Did you mean `{'}'}` or `&rbrace;`?
src/modules/analytics/VehicleStats.tsx(45,1): error TS1005: '</' expected.
src/modules/assistant/TrafficAssistant.tsx(4,10): error TS17008: JSX element 'div' has no corresponding closing tag.
src/modules/assistant/TrafficAssistant.tsx(5,14): error TS17008: JSX element 'div' has no corresponding closing tag.
src/modules/assistant/TrafficAssistant.tsx(9,18): error TS17008: JSX element 'div' has no corresponding closing tag.
src/modules/assistant/TrafficAssistant.tsx(31,1): error TS1381: Unexpected token. Did you mean `{'}'}` or `&rbrace;`?
src/modules/assistant/TrafficAssistant.tsx(34,1): error TS1005: '</' expected.
src/modules/nexus/LiveMonitor.tsx(20,6): error TS17008: JSX element 'div' has no corresponding closing tag.
src/modules/nexus/LiveMonitor.tsx(27,8): error TS17008: JSX element 'div' has no corresponding closing tag.
src/modules/nexus/LiveMonitor.tsx(40,8): error TS17008: JSX element 'div' has no corresponding closing tag.
src/modules/nexus/LiveMonitor.tsx(41,10): error TS17008: JSX element 'div' has no corresponding closing tag.
src/modules/nexus/LiveMonitor.tsx(43,12): error TS17008: JSX element 'div' has no corresponding closing tag.
src/modules/nexus/LiveMonitor.tsx(54,10): error TS17008: JSX element 'div' has no corresponding closing tag.
src/modules/nexus/LiveMonitor.tsx(72,1): error TS1381: Unexpected token. Did you mean `{'}'}` or `&rbrace;`?
src/modules/nexus/LiveMonitor.tsx(75,1): error TS1005: '</' expected.
src/modules/nexus/LocationGrid.tsx(50,12): error TS17008: JSX element 'div' has no corresponding closing tag.
src/pages/CityPulse.tsx(10,6): error TS17008: JSX element 'motion.div' has no corresponding closing tag.
src/pages/CityPulse.tsx(21,10): error TS17008: JSX element 'div' has no corresponding closing tag.
src/pages/CityPulse.tsx(40,8): error TS17008: JSX element 'div' has no corresponding closing tag.
src/pages/CityPulse.tsx(42,10): error TS17008: JSX element 'div' has no corresponding closing tag.
src/pages/CityPulse.tsx(57,10): error TS17008: JSX element 'div' has no corresponding closing tag.
src/pages/CityPulse.tsx(58,13): error TS17008: JSX element 'div' has no corresponding closing tag.
src/pages/CityPulse.tsx(76,7): error TS17002: Expected corresponding JSX closing tag for 'div'.
src/pages/CityPulse.tsx(78,1): error TS1381: Unexpected token. Did you mean `{'}'}` or `&rbrace;`?
src/pages/CityPulse.tsx(81,1): error TS1005: '</' expected.
src/pages/Contact.tsx(8,6): error TS17008: JSX element 'motion.div' has no corresponding closing tag.
src/pages/Contact.tsx(21,8): error TS17008: JSX element 'div' has no corresponding closing tag.
src/pages/Contact.tsx(51,16): error TS17008: JSX element 'div' has no corresponding closing tag.
src/pages/Contact.tsx(104,10): error TS17008: JSX element 'div' has no corresponding closing tag.
src/pages/Contact.tsx(106,12): error TS17008: JSX element 'div' has no corresponding closing tag.
src/pages/Contact.tsx(110,14): error TS17008: JSX element 'div' has no corresponding closing tag.
src/pages/Contact.tsx(123,12): error TS17008: JSX element 'div' has no corresponding closing tag.
src/pages/Contact.tsx(125,14): error TS17008: JSX element 'div' has no corresponding closing tag.
src/pages/Contact.tsx(126,16): error TS17008: JSX element 'div' has no corresponding closing tag.
src/pages/Contact.tsx(134,16): error TS17008: JSX element 'div' has no corresponding closing tag.
src/pages/Contact.tsx(176,7): error TS17002: Expected corresponding JSX closing tag for 'div'.
src/pages/Contact.tsx(178,1): error TS1381: Unexpected token. Did you mean `{'}'}` or `&rbrace;`?
src/pages/Contact.tsx(181,1): error TS1005: '</' expected.
src/pages/Dashboard.tsx(73,6): error TS17008: JSX element 'motion.div' has no corresponding closing tag.
src/pages/Dashboard.tsx(79,8): error TS17008: JSX element 'div' has no corresponding closing tag.
src/pages/Dashboard.tsx(80,10): error TS17008: JSX element 'div' has no corresponding closing tag.
src/pages/Dashboard.tsx(140,7): error TS17002: Expected corresponding JSX closing tag for 'div'.
src/pages/Dashboard.tsx(142,1): error TS1381: Unexpected token. Did you mean `{'}'}` or `&rbrace;`?
src/pages/Dashboard.tsx(145,1): error TS1005: '</' expected.
src/pages/HelpCenter.tsx(10,6): error TS17008: JSX element 'motion.div' has no corresponding closing tag.
src/pages/HelpCenter.tsx(17,8): error TS17008: JSX element 'div' has no corresponding closing tag.
src/pages/HelpCenter.tsx(53,7): error TS17002: Expected corresponding JSX closing tag for 'div'.
src/pages/HelpCenter.tsx(55,1): error TS1381: Unexpected token. Did you mean `{'}'}` or `&rbrace;`?
src/pages/HelpCenter.tsx(58,1): error TS1005: '</' expected.
src/pages/Inbox.tsx(46,6): error TS17008: JSX element 'div' has no corresponding closing tag.
src/pages/Inbox.tsx(68,8): error TS17008: JSX element 'div' has no corresponding closing tag.
src/pages/Inbox.tsx(83,16): error TS17008: JSX element 'div' has no corresponding closing tag.
src/pages/Inbox.tsx(116,10): error TS17008: JSX element 'div' has no corresponding closing tag.
src/pages/Inbox.tsx(117,12): error TS17008: JSX element 'AnimatePresence' has no corresponding closing tag.
src/pages/Inbox.tsx(176,19): error TS17002: Expected corresponding JSX closing tag for 'div'.
src/pages/Inbox.tsx(177,17): error TS17002: Expected corresponding JSX closing tag for 'div'.
src/pages/Inbox.tsx(186,14): error TS1381: Unexpected token. Did you mean `{'}'}` or `&rbrace;`?
src/pages/Inbox.tsx(187,13): error TS17002: Expected corresponding JSX closing tag for 'GlassCard'.
src/pages/Inbox.tsx(188,11): error TS17002: Expected corresponding JSX closing tag for 'motion.div'.
src/pages/Inbox.tsx(189,4): error TS1005: ':' expected.
src/pages/Inbox.tsx(190,1): error TS1381: Unexpected token. Did you mean `{'}'}` or `&rbrace;`?
src/pages/Inbox.tsx(193,1): error TS1005: '</' expected.
src/pages/Login.tsx(81,6): error TS17008: JSX element 'main' has no corresponding closing tag.
src/pages/Login.tsx(91,8): error TS17008: JSX element 'div' has no corresponding closing tag.
src/pages/Login.tsx(93,10): error TS17008: JSX element 'div' has no corresponding closing tag.
src/pages/Login.tsx(104,12): error TS17008: JSX element 'div' has no corresponding closing tag.
src/pages/Login.tsx(105,14): error TS17008: JSX element 'div' has no corresponding closing tag.
src/pages/Login.tsx(109,16): error TS17008: JSX element 'div' has no corresponding closing tag.
src/pages/Login.tsx(116,14): error TS17008: JSX element 'div' has no corresponding closing tag.
src/pages/Login.tsx(128,10): error TS17008: JSX element 'div' has no corresponding closing tag.
src/pages/Login.tsx(129,12): error TS17008: JSX element 'AnimatePresence' has no corresponding closing tag.
src/pages/Login.tsx(131,16): error TS17008: JSX element 'motion.div' has no corresponding closing tag.
src/pages/Login.tsx(157,18): error TS17008: JSX element 'form' has no corresponding closing tag.
src/pages/Login.tsx(158,20): error TS17008: JSX element 'div' has no corresponding closing tag.
src/pages/Login.tsx(205,19): error TS17002: Expected corresponding JSX closing tag for 'div'.
src/pages/Login.tsx(217,17): error TS17002: Expected corresponding JSX closing tag for 'div'.
src/pages/Login.tsx(219,16): error TS17008: JSX element 'motion.div' has no corresponding closing tag.
src/pages/Login.tsx(240,18): error TS17008: JSX element 'form' has no corresponding closing tag.
src/pages/Login.tsx(241,20): error TS17008: JSX element 'div' has no corresponding closing tag.
src/pages/Login.tsx(319,19): error TS17002: Expected corresponding JSX closing tag for 'div'.
src/pages/Login.tsx(320,17): error TS17002: Expected corresponding JSX closing tag for 'div'.
src/pages/Login.tsx(321,14): error TS1381: Unexpected token. Did you mean `{'}'}` or `&rbrace;`?
src/pages/Login.tsx(322,13): error TS17002: Expected corresponding JSX closing tag for 'div'.
src/pages/Login.tsx(326,8): error TS17008: JSX element 'div' has no corresponding closing tag.
src/pages/Login.tsx(345,7): error TS17002: Expected corresponding JSX closing tag for 'div'.
src/pages/Login.tsx(347,1): error TS1381: Unexpected token. Did you mean `{'}'}` or `&rbrace;`?
src/pages/Login.tsx(350,1): error TS1005: '</' expected.
src/pages/PollutionInsights.tsx(80,6): error TS17008: JSX element 'motion.div' has no corresponding closing tag.
src/pages/PollutionInsights.tsx(88,8): error TS17008: JSX element 'div' has no corresponding closing tag.
src/pages/PollutionInsights.tsx(182,7): error TS17002: Expected corresponding JSX closing tag for 'div'.
src/pages/PollutionInsights.tsx(184,1): error TS1381: Unexpected token. Did you mean `{'}'}` or `&rbrace;`?
src/pages/PollutionInsights.tsx(187,1): error TS1005: '</' expected.
src/pages/Predictions.tsx(48,6): error TS17008: JSX element 'motion.div' has no corresponding closing tag.
src/pages/Predictions.tsx(57,8): error TS17008: JSX element 'div' has no corresponding closing tag.
src/pages/Predictions.tsx(60,10): error TS17008: JSX element 'div' has no corresponding closing tag.
src/pages/Predictions.tsx(87,7): error TS17002: Expected corresponding JSX closing tag for 'div'.
src/pages/Predictions.tsx(89,1): error TS1381: Unexpected token. Did you mean `{'}'}` or `&rbrace;`?
src/pages/Predictions.tsx(92,1): error TS1005: '</' expected.
src/pages/SafetyHub.tsx(69,6): error TS17008: JSX element 'motion.div' has no corresponding closing tag.
src/pages/SafetyHub.tsx(83,10): error TS17008: JSX element 'div' has no corresponding closing tag.
src/pages/SafetyHub.tsx(105,10): error TS17008: JSX element 'div' has no corresponding closing tag.
src/pages/SafetyHub.tsx(109,18): error TS17008: JSX element 'div' has no corresponding closing tag.
src/pages/SafetyHub.tsx(125,12): error TS17008: JSX element 'div' has no corresponding closing tag.
src/pages/SafetyHub.tsx(126,15): error TS17008: JSX element 'div' has no corresponding closing tag.
src/pages/SafetyHub.tsx(132,15): error TS17008: JSX element 'div' has no corresponding closing tag.
src/pages/SafetyHub.tsx(138,15): error TS17008: JSX element 'div' has no corresponding closing tag.
src/pages/SafetyHub.tsx(155,8): error TS1381: Unexpected token. Did you mean `{'}'}` or `&rbrace;`?
src/pages/SafetyHub.tsx(156,7): error TS17002: Expected corresponding JSX closing tag for 'div'.
src/pages/SafetyHub.tsx(158,1): error TS1381: Unexpected token. Did you mean `{'}'}` or `&rbrace;`?
src/pages/SafetyHub.tsx(161,1): error TS1005: '</' expected.
src/pages/Settings.tsx(25,8): error TS17008: JSX element 'div' has no corresponding closing tag.
