src/components/Traffic/HotspotTable.tsx(93,45): error TS6133: 'i' is declared but its value is never read.
src/modules/analytics/GoldenWindow.tsx(1,8): error TS6133: 'React' is declared but its value is never read.
src/modules/nexus/LiveMonitor.tsx(2,1): error TS6133: 'motion' is declared but its value is never read.
src/pages/Login.tsx(14,9): error TS6133: 'navigate' is declared but its value is never read.
